// Jest Snapshot v1, https://goo.gl/fbAQLP

exports[`Server Index It should say hello 1`] = `"Hello World!!"`;
